  Determining projects to restore...
E:\GITHUB\WebTimDoiBongDa\backend\TimDoiBongDa.Application\TimDoiBongDa.Application.csproj : warning NU1903: Package 'AutoMapper' 13.0.1 has a known high severity vulnerability, https://github.com/advisories/GHSA-rvv3-g6hj-g44x [E:\GITHUB\WebTimDoiBongDa\backend\TimDoiBongDa.slnx]
E:\GITHUB\WebTimDoiBongDa\backend\TimDoiBongDa.Api\TimDoiBongDa.Api.csproj : warning NU1903: Package 'AutoMapper' 13.0.1 has a known high severity vulnerability, https://github.com/advisories/GHSA-rvv3-g6hj-g44x [E:\GITHUB\WebTimDoiBongDa\backend\TimDoiBongDa.slnx]
  All projects are up-to-date for restore.
E:\GITHUB\WebTimDoiBongDa\backend\TimDoiBongDa.Application\TimDoiBongDa.Application.csproj : warning NU1903: Package 'AutoMapper' 13.0.1 has a known high severity vulnerability, https://github.com/advisories/GHSA-rvv3-g6hj-g44x
  TimDoiBongDa.Domain -> E:\GITHUB\WebTimDoiBongDa\backend\TimDoiBongDa.Domain\bin\Debug\net8.0\TimDoiBongDa.Domain.dll
  TimDoiBongDa.Application -> E:\GITHUB\WebTimDoiBongDa\backend\TimDoiBongDa.Application\bin\Debug\net8.0\TimDoiBongDa.Application.dll
E:\GITHUB\WebTimDoiBongDa\backend\TimDoiBongDa.Api\TimDoiBongDa.Api.csproj : warning NU1903: Package 'AutoMapper' 13.0.1 has a known high severity vulnerability, https://github.com/advisories/GHSA-rvv3-g6hj-g44x
E:\GITHUB\WebTimDoiBongDa\backend\TimDoiBongDa.Infrastructure\Data\AppDbContext.cs(3,7): warning CS0105: The using directive for 'TimDoiBongDa.Domain.Entities' appeared previously in this namespace [E:\GITHUB\WebTimDoiBongDa\backend\TimDoiBongDa.Infrastructure\TimDoiBongDa.Infrastructure.csproj]
E:\GITHUB\WebTimDoiBongDa\backend\TimDoiBongDa.Infrastructure\Repositories\MatchRequestRepository.cs(22,102): error CS0246: The type or namespace name 'MatchFilter' could not be found (are you missing a using directive or an assembly reference?) [E:\GITHUB\WebTimDoiBongDa\backend\TimDoiBongDa.Infrastructure\TimDoiBongDa.Infrastructure.csproj]
E:\GITHUB\WebTimDoiBongDa\backend\TimDoiBongDa.Infrastructure\Repositories\MatchRequestRepository.cs(8,72): error CS0535: 'MatchRequestRepository' does not implement interface member 'IMatchRequestRepository.GetSentRequestsWithDetailsAsync(List<long>, MatchFilter)' [E:\GITHUB\WebTimDoiBongDa\backend\TimDoiBongDa.Infrastructure\TimDoiBongDa.Infrastructure.csproj]

Build FAILED.

E:\GITHUB\WebTimDoiBongDa\backend\TimDoiBongDa.Application\TimDoiBongDa.Application.csproj : warning NU1903: Package 'AutoMapper' 13.0.1 has a known high severity vulnerability, https://github.com/advisories/GHSA-rvv3-g6hj-g44x [E:\GITHUB\WebTimDoiBongDa\backend\TimDoiBongDa.slnx]
E:\GITHUB\WebTimDoiBongDa\backend\TimDoiBongDa.Api\TimDoiBongDa.Api.csproj : warning NU1903: Package 'AutoMapper' 13.0.1 has a known high severity vulnerability, https://github.com/advisories/GHSA-rvv3-g6hj-g44x [E:\GITHUB\WebTimDoiBongDa\backend\TimDoiBongDa.slnx]
E:\GITHUB\WebTimDoiBongDa\backend\TimDoiBongDa.Application\TimDoiBongDa.Application.csproj : warning NU1903: Package 'AutoMapper' 13.0.1 has a known high severity vulnerability, https://github.com/advisories/GHSA-rvv3-g6hj-g44x
E:\GITHUB\WebTimDoiBongDa\backend\TimDoiBongDa.Api\TimDoiBongDa.Api.csproj : warning NU1903: Package 'AutoMapper' 13.0.1 has a known high severity vulnerability, https://github.com/advisories/GHSA-rvv3-g6hj-g44x
E:\GITHUB\WebTimDoiBongDa\backend\TimDoiBongDa.Infrastructure\Data\AppDbContext.cs(3,7): warning CS0105: The using directive for 'TimDoiBongDa.Domain.Entities' appeared previously in this namespace [E:\GITHUB\WebTimDoiBongDa\backend\TimDoiBongDa.Infrastructure\TimDoiBongDa.Infrastructure.csproj]
E:\GITHUB\WebTimDoiBongDa\backend\TimDoiBongDa.Infrastructure\Repositories\MatchRequestRepository.cs(22,102): error CS0246: The type or namespace name 'MatchFilter' could not be found (are you missing a using directive or an assembly reference?) [E:\GITHUB\WebTimDoiBongDa\backend\TimDoiBongDa.Infrastructure\TimDoiBongDa.Infrastructure.csproj]
E:\GITHUB\WebTimDoiBongDa\backend\TimDoiBongDa.Infrastructure\Repositories\MatchRequestRepository.cs(8,72): error CS0535: 'MatchRequestRepository' does not implement interface member 'IMatchRequestRepository.GetSentRequestsWithDetailsAsync(List<long>, MatchFilter)' [E:\GITHUB\WebTimDoiBongDa\backend\TimDoiBongDa.Infrastructure\TimDoiBongDa.Infrastructure.csproj]
    5 Warning(s)
    2 Error(s)

Time Elapsed 00:00:02.70
